/home/lam23005/STEM-GNN/STEM-GNN/dataset
[HPO] 0 trials already completed.
Loaded pretrained encoder and VQ.
Freeze VQ parameters during finetuning
[Finetune] MoE enabled: False | MoE layers: [False, False]
[Finetune] test: 76.11 ± 0.00 | val: 74.00 ± 0.00 | train: 97.86 ± 0.00
[HPO] trial 1 done: val=74.00 test=76.11 params={'dropout': 0.0952480975892695, 'finetune_lr': 0.00023914805677347075, 'normalize': 'none'}
Loaded pretrained encoder and VQ.
Freeze VQ parameters during finetuning
[Finetune] MoE enabled: False | MoE layers: [False, False]
[Finetune] test: 76.64 ± 0.00 | val: 75.00 ± 0.00 | train: 97.86 ± 0.00
[HPO] trial 2 done: val=75.00 test=76.64 params={'dropout': 0.09388743787647363, 'finetune_lr': 0.00035603188759230215, 'normalize': 'none'}
Loaded pretrained encoder and VQ.
Freeze VQ parameters during finetuning
[Finetune] MoE enabled: False | MoE layers: [False, False]
[Finetune] test: 72.82 ± 0.00 | val: 71.00 ± 0.00 | train: 100.00 ± 0.00
[HPO] trial 3 done: val=71.00 test=72.82 params={'dropout': 0.20506387381704605, 'finetune_lr': 0.0025445105833433153, 'normalize': 'batch'}
Loaded pretrained encoder and VQ.
Freeze VQ parameters during finetuning
[Finetune] MoE enabled: False | MoE layers: [False, False]
[Finetune] test: 73.60 ± 0.00 | val: 71.00 ± 0.00 | train: 90.71 ± 0.00
[HPO] trial 4 done: val=71.00 test=73.60 params={'dropout': 0.4482089840399741, 'finetune_lr': 0.00042638498519876613, 'normalize': 'none'}
Loaded pretrained encoder and VQ.
Freeze VQ parameters during finetuning
[Finetune] MoE enabled: False | MoE layers: [False, False]
[Finetune] test: 76.11 ± 0.00 | val: 71.20 ± 0.00 | train: 97.86 ± 0.00
[HPO] trial 5 done: val=71.20 test=76.11 params={'dropout': 0.1872339318800582, 'finetune_lr': 0.007129732968648657, 'normalize': 'none'}
Loaded pretrained encoder and VQ.
Freeze VQ parameters during finetuning
[Finetune] MoE enabled: False | MoE layers: [False, False]
[Finetune] test: 74.47 ± 0.00 | val: 72.60 ± 0.00 | train: 92.86 ± 0.00
[HPO] trial 6 done: val=72.60 test=74.47 params={'dropout': 0.40601009805684546, 'finetune_lr': 0.0017601462123563352, 'normalize': 'none'}
Loaded pretrained encoder and VQ.
Freeze VQ parameters during finetuning
[Finetune] MoE enabled: False | MoE layers: [False, False]
[Finetune] test: 65.28 ± 0.00 | val: 62.60 ± 0.00 | train: 97.14 ± 0.00
[HPO] trial 7 done: val=62.60 test=65.28 params={'dropout': 0.03732098421338331, 'finetune_lr': 0.009563490991587978, 'normalize': 'batch'}
Loaded pretrained encoder and VQ.
Freeze VQ parameters during finetuning
[Finetune] MoE enabled: False | MoE layers: [False, False]
[Finetune] test: 75.97 ± 0.00 | val: 72.80 ± 0.00 | train: 89.29 ± 0.00
[HPO] trial 8 done: val=72.80 test=75.97 params={'dropout': 0.46909032451271176, 'finetune_lr': 0.00011685648525436446, 'normalize': 'none'}
Loaded pretrained encoder and VQ.
Freeze VQ parameters during finetuning
[Finetune] MoE enabled: False | MoE layers: [False, False]
[Finetune] test: 73.36 ± 0.00 | val: 71.80 ± 0.00 | train: 90.00 ± 0.00
[HPO] trial 9 done: val=71.80 test=73.36 params={'dropout': 0.4304671730340771, 'finetune_lr': 0.00015791550881074252, 'normalize': 'none'}
Loaded pretrained encoder and VQ.
Freeze VQ parameters during finetuning
[Finetune] MoE enabled: False | MoE layers: [False, False]
[Finetune] test: 67.70 ± 0.00 | val: 64.80 ± 0.00 | train: 97.86 ± 0.00
[HPO] trial 10 done: val=64.80 test=67.70 params={'dropout': 0.4476619171728022, 'finetune_lr': 0.0009833319829612537, 'normalize': 'batch'}
Loaded pretrained encoder and VQ.
Freeze VQ parameters during finetuning
[Finetune] MoE enabled: False | MoE layers: [False, False]
[Finetune] test: 65.38 ± 0.00 | val: 61.40 ± 0.00 | train: 97.14 ± 0.00
[HPO] trial 11 done: val=61.40 test=65.38 params={'dropout': 0.23280058467307402, 'finetune_lr': 0.0009371691238739224, 'normalize': 'batch'}
Loaded pretrained encoder and VQ.
Freeze VQ parameters during finetuning
[Finetune] MoE enabled: False | MoE layers: [False, False]
[Finetune] test: 74.66 ± 0.00 | val: 72.60 ± 0.00 | train: 97.14 ± 0.00
[HPO] trial 12 done: val=72.60 test=74.66 params={'dropout': 0.33791212903854506, 'finetune_lr': 0.001291963370110892, 'normalize': 'none'}

=== HYPEROPT SEARCH DONE ===
Best val (single split): 75.0
Best params: {'dropout': 0.09388743787647363, 'finetune_lr': 0.00035603188759230215, 'normalize': 'none'}
Loaded pretrained encoder and VQ.
Freeze VQ parameters during finetuning
[Finetune] MoE enabled: False | MoE layers: [False, False]
[Finetune] MoE enabled: False | MoE layers: [False, False]
[Finetune] MoE enabled: False | MoE layers: [False, False]
[Finetune] MoE enabled: False | MoE layers: [False, False]
[Finetune] MoE enabled: False | MoE layers: [False, False]
[Finetune] MoE enabled: False | MoE layers: [False, False]
[Finetune] MoE enabled: False | MoE layers: [False, False]
[Finetune] MoE enabled: False | MoE layers: [False, False]
[Finetune] MoE enabled: False | MoE layers: [False, False]
[Finetune] MoE enabled: False | MoE layers: [False, False]
[Finetune] test: 75.94 ± 2.03 | val: 76.18 ± 3.10 | train: 98.50 ± 4.27

=== FINAL CONFIRMATION (all 10 splits, best hyperparameters) ===
{
  "best_params": {
    "dropout": 0.09388743787647363,
    "finetune_lr": 0.00035603188759230215,
    "normalize": "none"
  },
  "final": {
    "train": {
      "mean": 98.50000023841858,
      "std": 4.267221782017768
    },
    "val": {
      "mean": 76.18000030517578,
      "std": 3.09638464784711
    },
    "test": {
      "mean": 75.93810558319092,
      "std": 2.0284367044965563
    }
  }
}
HYPEROPT_ALL_DONE
